
PS C:\Projects\dev\aks> git commit -m "Learnign AKS learning first push"
On branch master
nothing to commit, working tree clean
PS C:\Projects\dev\aks> git push origin master
Enumerating objects: 26, done.
Counting objects: 100% (26/26), done.
Delta compression using up to 2 threads
Compressing objects: 100% (18/18), done.
Writing objects: 100% (26/26), 37.97 MiB | 2.96 MiB/s, done.
Total 26 (delta 2), reused 0 (delta 0), pack-reused 0
remote: Resolving deltas: 100% (2/2), done.
remote: error: Trace: 3c0ac1f2d5bafe69fae3aefbe58d9ee4fbca2632717eb46ab7304d09e4c37a23
remote: error: See http://git.io/iEPt8g for more information.
remote: error: File .terraform/providers/registry.terraform.io/hashicorp/azurerm/3.0.0/windows_amd64/terraform-provider-azurerm_v3.0.0_x5.exe is 173.10 MB; this exceeds GitHub's file size limit of 100.00 MB
remote: error: GH001: Large files detected. You may want to try Git Large File Storage - https://git-lfs.github.com.
To https://github.com/zagianp/resume.git
 ! [remote rejected] master -> master (pre-receive hook declined)
error: failed to push some refs to 'https://github.com/zagianp/resume.git'
PS C:\Projects\dev\aks> git filter-branch -f --index-filter 'git rm --cached -r --ignore-unmatch .terraform/'
WARNING: git-filter-branch has a glut of gotchas generating mangled history
         rewrites.  Hit Ctrl-C before proceeding to abort, then use an
         alternative filtering tool such as 'git filter-repo'
         (https://github.com/newren/git-filter-repo/) instead.  See the
         filter-branch manual page for more details; to squelch this warning,
         set FILTER_BRANCH_SQUELCH_WARNING=1.
Proceeding with filter-branch...

Rewrite dba0a4e3af4b765336d96bb9f9fc9240d58af765 (1/3) (0 seconds passed, remaining 0 predicted)    rm '.terraform/providers/registry.terraform.io/hashicorp/azurerm/3.0.0/windows_amd64/terraform-provider-azurerm_v3.0.0_x5.exe'
rm '.terraform/providers/registry.terraform.io/hashicorp/local/2.3.0/windows_amd64/terraform-provider-local_v2.3.0_x5.exe'
Rewrite a52a6ca21add2cb05a48c94ff932887d22fe8f06 (2/3) (1 seconds passed, remaining 0 predicted)    
Ref 'refs/heads/master' was rewritten
PS C:\Projects\dev\aks> git push origin master
Enumerating objects: 14, done.
Counting objects: 100% (14/14), done.
Delta compression using up to 2 threads
Compressing objects: 100% (13/13), done.
Writing objects: 100% (14/14), 12.22 KiB | 4.07 MiB/s, done.
Total 14 (delta 2), reused 0 (delta 0), pack-reused 0
remote: Resolving deltas: 100% (2/2), done.
remote: 
remote: Create a pull request for 'master' on GitHub by visiting:
remote:      https://github.com/zagianp/resume/pull/new/master
remote:
To https://github.com/zagianp/resume.git
 * [new branch]      master -> master
PS C:\Projects\dev\aks> 